// Jest Snapshot v1, https://goo.gl/fbAQLP

exports[`<HeaderFilter /> component Should render correctly 1`] = `
<div
  className="headerFilter"
>
  <p
    className="headerFilter-title"
  >
    Find your movie
  </p>
  <Input
    id="searchFilter"
    name="searchFilter"
    onChange={[Function]}
    placeholder="Type movie name here"
    value=""
  />
  <div
    className="headerSubFilter"
  >
    <span
      className="headerSubFilter-label"
    >
      Search by
    </span>
    <Button
      className="headerSubFilter-button"
      color="secondary"
      name="filterByTitle"
      onClick={[Function]}
      size="small"
    >
      Title
    </Button>
    <Button
      className="headerSubFilter-button"
      color="third"
      name="filterByGenre"
      onClick={[Function]}
      size="small"
    >
      Genre
    </Button>
    <Button
      className="headerSubFilter-searchButton"
      color="secondary"
      onClick={[Function]}
    >
      Search
    </Button>
  </div>
</div>
`;
